{
    "success": "true",
    "columns": [
        {
            "name": "first_name",
            "type": "VARCHAR(50)"
        },
        {
            "name": "last_name",
            "type": "VARCHAR(50)"
        },
        {
            "name": "fav_language",
            "type": "VARCHAR(50)"
        }
    ],
    "rows": [
        {
            "first_name": "barrett",
            "last_name": "otte",
            "fav_language": "Python"
        },
        {
            "first_name": "hello",
            "last_name": "world",
            "fav_language": "JavaScript"
        }
    ]
}