{
    "row-count": 4,
    "success": "true",
    "columns": [
        {
            "name": "id",
            "type": "BIGINT"
        },
        {
            "name": "role_name",
            "type": "VARCHAR(50)"
        }
    ],
    "rows": [
        {
            "role_name": "ROLE_USER"
        },
        {
            "role_name": "ROLE_ADMIN"
        },
        {
            "role_name": "ROLE_DEVELOPER"
        },
        {
            "role_name": "TEST"
        }
    ]
}