{
    "success": "true",
    "columns": [
        {
            "name": "WASD",
            "type": "VARCHAR(50)"
        }
    ],
    "rows": [
        {
            "WASD": "QWERTY"
        }
    ]
}